// Jest Snapshot v1, https://goo.gl/fbAQLP

exports[`Search renders correctly 1`] = `
<DocumentFragment>
  <div
    class="Search"
  >
    <form
      class="input-form"
    >
      Search:
      <input
        class="search-text"
        type="text"
      />
      <button
        class="search-button"
        type="submit"
      >
        Go!
      </button>
    </form>
  </div>
</DocumentFragment>
`;
